// Jest Snapshot v1, https://goo.gl/fbAQLP

exports[`Footer should match the snapshot 1`] = `
<DocumentFragment>
  <div
    class="main-footer"
  >
    <p>
      Â©artifact.com 2019
    </p>
  </div>
</DocumentFragment>
`;
