// Jest Snapshot v1, https://goo.gl/fbAQLP

exports[`Card should match the snapshot 1`] = `
<DocumentFragment>
  <div
    class="card"
  >
    <div
      class="image"
    >
      <img
        alt="abstract"
        src="abstract.png"
      />
    </div>
    <div
      class="description-section"
    >
      <div>
        <div
          class="date-time"
        >
          <p>
            2nd Januray, 2018
          </p>
          <p>
            2 mins
          </p>
        </div>
        <p
          class="heading"
        >
          The future of abstract art and the culture ...
        </p>
        <p
          class="meta-data"
        >
          Create a blog post subtitle that summarizes your post in a few short, punchy sentences and entices your...
        </p>
      </div>
      <div
        class="footer"
      >
        <center>
          <hr />
        </center>
        <div
          class="reaction"
        >
          <div
            class="clap"
          >
            <img
              alt="clapIcon"
              src="clapping.svg"
            />
            <p>
              10
            </p>
          </div>
          <img
            alt="heartIcon"
            src="heart-black.svg"
          />
        </div>
      </div>
    </div>
  </div>
</DocumentFragment>
`;
